C51 COMPILER V9.60.7.0   MAIN                                                              09/22/2026 15:50:43 PAGE 1   


C51 COMPILER V9.60.7.0, COMPILATION OF MODULE MAIN
OBJECT MODULE PLACED IN .\Objects\main.obj
COMPILER INVOKED BY: D:\C51\BIN\C51.EXE main.c OPTIMIZE(8,SPEED) BROWSE DEBUG OBJECTEXTEND PRINT(.\Listings\main.lst) TA
                    -BS(2) OBJECT(.\Objects\main.obj)

line level    source

   1          #include "Config.h"
   2          #include "Delay.h"
   3          #include "STC8H_PWM.h"
   4          #include "UART.h"
   5          #include "NVIC.h"
   6          #include "Switch.h"
   7          #include "GPIO.h"
   8          
   9          /* ================= 按键定义 ================= */
  10          #define KEY1    P51
  11          #define KEY2    P52
  12          #define KEY3    P53
  13          #define KEY4    P54
  14          
  15          #define DOWN    0
  16          #define UP      1
  17          
  18          u8 last_state1 = UP;
  19          u8 last_state2 = UP;
  20          u8 last_state3 = UP;
  21          u8 last_state4 = UP;
  22          
  23          /* ================= PWM 相关 ================= */
  24          #define PREESCALER  10
  25          #define FREQ        50
  26          #define PERIOD (MAIN_Fosc / FREQ / PREESCALER)
  27          
  28          PWMx_Duty dutyB = {0};   // PWMB，PWM7 -> P0.2
  29          PWMx_Duty dutyA = {0};   // PWMA，PWM4 -> P2.6
  30          
  31          /* 当前角度 */
  32          float angleB = 90;   // P0.2 舵机，0~180°
  33          float angleA = 45;   // P2.6 舵机，0~90°
  34          
  35          /* ================= GPIO 配置 ================= */
  36          void GPIO_config(void)
  37          {
  38   1          GPIO_InitTypeDef info;
  39   1      
  40   1          // UART1  P3.0  P3.1  准双向
  41   1          info.Mode = GPIO_PullUp;
  42   1          info.Pin  = GPIO_Pin_0 | GPIO_Pin_1;
  43   1          GPIO_Inilize(GPIO_P3, &info);
  44   1      
  45   1          // 按键 P5.1 ~ P5.4 准双向
  46   1          P5_MODE_IO_PU(GPIO_Pin_1 | GPIO_Pin_2 | GPIO_Pin_3 | GPIO_Pin_4);
  47   1      
  48   1          // P0.2 推挽输出（PWM7）
  49   1          P0M1 &= ~0x04;
  50   1          P0M0 |=  0x04;
  51   1      
  52   1          // P2.6 推挽输出（PWM4）
  53   1          P2M1 &= ~0x40;
  54   1          P2M0 |=  0x40;
C51 COMPILER V9.60.7.0   MAIN                                                              09/22/2026 15:50:43 PAGE 2   

  55   1      }
  56          
  57          /* ================= 串口配置 ================= */
  58          void UART_config(void)
  59          {
  60   1          COMx_InitDefine COMx_InitStructure;
  61   1          COMx_InitStructure.UART_Mode      = UART_8bit_BRTx;
  62   1          COMx_InitStructure.UART_BRT_Use   = BRT_Timer1;
  63   1          COMx_InitStructure.UART_BaudRate  = 115200ul;
  64   1          COMx_InitStructure.UART_RxEnable  = ENABLE;
  65   1          COMx_InitStructure.BaudRateDouble = DISABLE;
  66   1          UART_Configuration(UART1, &COMx_InitStructure);
  67   1      
  68   1          NVIC_UART1_Init(ENABLE, Priority_1);
  69   1          UART1_SW(UART1_SW_P30_P31);
  70   1      }
  71          
  72          /* ================= PWM 初始化 ================= */
  73          void PWM_config(void)
  74          {
  75   1          PWMx_InitDefine PWMx_InitStructure;
  76   1      
  77   1          // 先配置 PWMB 通用寄存器
  78   1          PWMx_InitStructure.PWM_Period        = PERIOD - 1;
  79   1          PWMx_InitStructure.PWM_DeadTime      = 0;
  80   1          PWMx_InitStructure.PWM_MainOutEnable = ENABLE;
  81   1          PWMx_InitStructure.PWM_CEN_Enable    = ENABLE;
  82   1          PWM_Configuration(PWMB, &PWMx_InitStructure);
  83   1      
  84   1          // 再配置 PWM7 通道
  85   1          PWMx_InitStructure.PWM_Mode      = CCMRn_PWM_MODE1;
  86   1          PWMx_InitStructure.PWM_Duty      = dutyB.PWM7_Duty;
  87   1          PWMx_InitStructure.PWM_EnoSelect = ENO7P;
  88   1          PWM_Configuration(PWM7, &PWMx_InitStructure);
  89   1      
  90   1          // 先配置 PWMA 通用寄存器
  91   1          PWMx_InitStructure.PWM_Period        = PERIOD - 1;
  92   1          PWMx_InitStructure.PWM_DeadTime      = 0;
  93   1          PWMx_InitStructure.PWM_MainOutEnable = ENABLE;
  94   1          PWMx_InitStructure.PWM_CEN_Enable    = ENABLE;
  95   1          PWM_Configuration(PWMA, &PWMx_InitStructure);
  96   1      
  97   1          // 再配置 PWM4 通道
  98   1          PWMx_InitStructure.PWM_Mode      = CCMRn_PWM_MODE1;
  99   1          PWMx_InitStructure.PWM_Duty      = dutyA.PWM4_Duty;
 100   1          PWMx_InitStructure.PWM_EnoSelect = ENO4P;
 101   1          PWM_Configuration(PWM4, &PWMx_InitStructure);
 102   1      
 103   1          // 预分频
 104   1          PWMB_Prescaler(PREESCALER - 1);
 105   1          PWMA_Prescaler(PREESCALER - 1);
 106   1      
 107   1          // 切换引脚
 108   1          PWM7_SW(PWM7_SW_P02);     // PWM7 -> P0.2
 109   1          PWM4_USE_P26P27();        // PWM4 -> P2.6
 110   1      
 111   1          // 双重保险
 112   1          PWMA_BKR   |= 0x80;   // MOE = 1
 113   1          PWMA_CCER2 |= 0x10;   // CC4E = 1
 114   1      
 115   1          NVIC_PWM_Init(PWMB, DISABLE, Priority_0);
 116   1          NVIC_PWM_Init(PWMA, DISABLE, Priority_0);
C51 COMPILER V9.60.7.0   MAIN                                                              09/22/2026 15:50:43 PAGE 3   

 117   1      }
 118          
 119          /* ================= 舵机角度输出 ================= */
 120          void servo_update(void)
 121          {
 122   1          u16 dutyB_val;
 123   1          u16 dutyA_val;
 124   1      
 125   1          // P0.2 舵机：0~180° -> 0.5~2.5ms
 126   1          dutyB_val = 500 + (angleB * 2000 / 180.0f);
 127   1          dutyB.PWM7_Duty = PERIOD * dutyB_val / 20000;
 128   1          UpdatePwm(PWM7, &dutyB);
 129   1      
 130   1          // P2.6 舵机：0~90° -> 0.5~1.5ms
 131   1          dutyA_val = 500 + (angleA * 1000 / 90.0f);
 132   1          dutyA.PWM4_Duty = PERIOD * dutyA_val / 20000;
 133   1          UpdatePwm(PWM4, &dutyA);
 134   1      }
 135          
 136          /* ================= 主函数 ================= */
 137          int main(void)
 138          {
 139   1          EAXSFR();
 140   1          GPIO_config();
 141   1          UART_config();
 142   1      
 143   1          dutyB.PWM7_Duty = PERIOD * 1.5f / 20;
 144   1          dutyA.PWM4_Duty = PERIOD * 1.0f / 20;
 145   1      
 146   1          PWM_config();
 147   1          servo_update();     // 上电先输出初始角度
 148   1      
 149   1          EA = 1;
 150   1      
 151   1          while(1)
 152   1          {
 153   2              /* ---------- KEY1：P0.2 舵机左转 ---------- */
 154   2              if(KEY1 == DOWN)
 155   2              {
 156   3                  angleB -= 1;                     // 左转，角度减小
 157   3                  if(angleB < 0) angleB = 0;
 158   3                  servo_update();
 159   3              }
 160   2      
 161   2              /* ---------- KEY2：P0.2 舵机右转 ---------- */
 162   2              if(KEY2 == DOWN)
 163   2              {
 164   3                  angleB += 1;                     // 右转，角度增大
 165   3                  if(angleB > 180) angleB = 180;
 166   3                  servo_update();
 167   3              }
 168   2      
 169   2              /* ---------- KEY3：P2.6 舵机左转 ---------- */
 170   2              if(KEY3 == DOWN)
 171   2              {
 172   3                  angleA -= 0.5;                   // 左转
 173   3                  if(angleA < 0) angleA = 0;
 174   3                  servo_update();
 175   3              }
 176   2      
 177   2              /* ---------- KEY4：P2.6 舵机右转 ---------- */
 178   2              if(KEY4 == DOWN)
C51 COMPILER V9.60.7.0   MAIN                                                              09/22/2026 15:50:43 PAGE 4   

 179   2              {
 180   3                  angleA += 0.5;                   // 右转
 181   3                  if(angleA > 90) angleA = 90;
 182   3                  servo_update();
 183   3              }
 184   2      
 185   2              delay_ms(10);    // 控制转动速度，数值越小转得越快
 186   2          }
 187   1      }


MODULE INFORMATION:   STATIC OVERLAYABLE
   CODE SIZE        =    681    ----
   CONSTANT SIZE    =   ----    ----
   XDATA SIZE       =   ----    ----
   PDATA SIZE       =   ----    ----
   DATA SIZE        =     44      20
   IDATA SIZE       =   ----    ----
   BIT SIZE         =   ----    ----
END OF MODULE INFORMATION.


C51 COMPILATION COMPLETE.  0 WARNING(S),  0 ERROR(S)
