C51 COMPILER V9.60.7.0   LIGHT                                                             09/21/2026 09:00:10 PAGE 1   


C51 COMPILER V9.60.7.0, COMPILATION OF MODULE LIGHT
OBJECT MODULE PLACED IN .\Objects\Light.obj
COMPILER INVOKED BY: F:\KEIL\C51\BIN\C51.EXE Driver\Light.c OPTIMIZE(8,SPEED) BROWSE INCDIR(.\Driver;.\Lib;.\User) DEBUG
                    - OBJECTEXTEND PRINT(.\Listings\Light.lst) OBJECT(.\Objects\Light.obj)

line level    source

   1          #include "Light.h"
   2          
   3          // 初始化
   4          void Light_init() {
   5   1              // IO 初始化   准双向  或 推挽输出
   6   1              // ========== 准双向
   7   1              P0_MODE_IO_PU(GPIO_Pin_7); // P07
   8   1              P5_MODE_IO_PU(GPIO_Pin_2); // P52
   9   1              
  10   1      //      // ========== 推挽输出
  11   1      //      P0_MODE_OUT_PP(GPIO_Pin_7);
  12   1      //      P5_MODE_OUT_PP(GPIO_Pin_2);
  13   1      }
  14          
  15          
  16          // 开灯
  17          void Light_on(Light temp) {
  18   1              if (temp == LEFT) { // 左
  19   2                      LED_LEFT = 1;
  20   2              } else if (temp == RIGHT) { // 右
  21   2                      LED_RIGHT = 1;
  22   2              } else { // 全部
  23   2                      LED_LEFT = 1;
  24   2                      LED_RIGHT = 1;
  25   2              }
  26   1      }
  27          
  28          
  29          // 关灯
  30          void Light_off(Light temp) {
  31   1              if (temp == LEFT) { // 左
  32   2                      LED_LEFT = 0;
  33   2              } else if (temp == RIGHT) { // 右
  34   2                      LED_RIGHT = 0;
  35   2              } else { // 全部
  36   2                      LED_LEFT = 0;
  37   2                      LED_RIGHT = 0;
  38   2              }
  39   1      }


MODULE INFORMATION:   STATIC OVERLAYABLE
   CODE SIZE        =     47    ----
   CONSTANT SIZE    =   ----    ----
   XDATA SIZE       =   ----    ----
   PDATA SIZE       =   ----    ----
   DATA SIZE        =   ----    ----
   IDATA SIZE       =   ----    ----
   BIT SIZE         =   ----    ----
END OF MODULE INFORMATION.


C51 COMPILATION COMPLETE.  0 WARNING(S),  0 ERROR(S)
