C51 COMPILER V9.60.7.0   MAIN                                                              09/21/2026 09:00:10 PAGE 1   


C51 COMPILER V9.60.7.0, COMPILATION OF MODULE MAIN
OBJECT MODULE PLACED IN .\Objects\main.obj
COMPILER INVOKED BY: F:\KEIL\C51\BIN\C51.EXE User\main.c OPTIMIZE(8,SPEED) BROWSE INCDIR(.\Driver;.\Lib;.\User) DEBUG OB
                    -JECTEXTEND PRINT(.\Listings\main.lst) OBJECT(.\Objects\main.obj)

line level    source

   1          #include        "RTX51TNY.H"
   2          #include        "GPIO.h"
   3          #include        "UART.h"
   4          #include        "NVIC.h"
   5          #include        "Switch.h"
   6          
   7          #include "WS2812.h"
   8          
   9          void GPIO_config(void) {
  10   1              GPIO_InitTypeDef        GPIO_InitStructure;             //结构定义
  11   1              // UART1 P30 P31 准双向
  12   1              GPIO_InitStructure.Pin  = GPIO_Pin_0 | GPIO_Pin_1;              //指定要初始化的IO,
  13   1              GPIO_InitStructure.Mode = GPIO_PullUp;  //指定IO的输入或输出方式,GPIO_PullUp,GPIO_HighZ,GPIO_OUT_OD,GPIO_O
             -UT_PP
  14   1              GPIO_Inilize(GPIO_P3, &GPIO_InitStructure);//初始化
  15   1      }
  16          
  17          void UART_config(void) {
  18   1              // >>> 记得添加 NVIC.c, UART.c, UART_Isr.c <<<
  19   1          COMx_InitDefine             COMx_InitStructure;                                     //结构定义
  20   1          COMx_InitStructure.UART_Mode      = UART_8bit_BRTx; //模式, UART_ShiftRight,UART_8bit_BRTx,UART_9bit,U
             -ART_9bit_BRTx
  21   1          COMx_InitStructure.UART_BRT_Use   = BRT_Timer1;                     //选择波特率发生器, BRT_Timer1, BRT_Timer2 (注意: 串
             -口2固定使用BRT_Timer2)
  22   1          COMx_InitStructure.UART_BaudRate  = 115200ul;                       //波特率, 一般 110 ~ 115200
  23   1          COMx_InitStructure.UART_RxEnable  = ENABLE;                         //接收允许,   ENABLE或DISABLE
  24   1          COMx_InitStructure.BaudRateDouble = DISABLE;                        //波特率加倍, ENABLE或DISABLE
  25   1          UART_Configuration(UART1, &COMx_InitStructure);             //初始化串口1 UART1,UART2,UART3,UART4
  26   1      
  27   1              NVIC_UART1_Init(ENABLE,Priority_1);             //中断使能, ENABLE/DISABLE; 优先级(低到高) Priority_0,Priority_1,P
             -riority_2,Priority_3
  28   1          UART1_SW(UART1_SW_P30_P31);         // 引脚选择, UART1_SW_P30_P31,UART1_SW_P36_P37,UART1_SW_P16_P17,UART1_SW_
             -P43_P44
  29   1      }
  30          
  31          void sys_init() {
  32   1              EA = 1;                 // 使能全局中断
  33   1              EAXSFR();               /* 扩展寄存器访问使能 */
  34   1              
  35   1              GPIO_config(); // IO配置
  36   1              UART_config(); // 串口配置
  37   1              
  38   1              // ============= 外设初始化
  39   1              
  40   1              printf("==sys_init==\n");
  41   1      }
  42          
  43          #define  TEST_TASK_ID   1
  44          
  45          // 入口不是main   是任务0
  46          void main_task() _task_  0 { 
  47   1              sys_init();
  48   1              
  49   1              // 创建任务
C51 COMPILER V9.60.7.0   MAIN                                                              09/21/2026 09:00:10 PAGE 2   

  50   1              os_create_task(TEST_TASK_ID); // 测试
  51   1              
  52   1              os_delete_task(0); // 删除任务本身，可以调度别的任务
  53   1      }
  54          
  55          void test_task() _task_  TEST_TASK_ID { 
  56   1          // 初始化并设置全部灯为红色，调用一次即可，灯带会自己锁存保持
  57   1          WS2812_Init_And_Set(0, 255, 0); // 紫
  58   1      //    WS2812_Init_And_Set(0, 0, 255);     //黄色
  59   1      //    WS2812_Init_And_Set(255, 0, 0);//浅蓝色
  60   1      //    WS2812_Init_And_Set(255, 0, 255); //绿
  61   1      //    WS2812_Init_And_Set(255, 255, 0); //深蓝色
  62   1      //    WS2812_Init_And_Set(0, 255, 255);//红色
  63   1      //    WS2812_Init_And_Set(255, 255, 255);// 无颜色只有第一个亮绿
  64   1      //    WS2812_Init_And_Set(100, 255, 0);
  65   1      
  66   1          // 固定颜色不需要反复刷新，空转让出 CPU 给其他任务
  67   1          while(1) {
  68   2              os_wait(K_TMO, 100, 0);   // 每 100 个 tick 醒一次，什么都不做
  69   2          }
  70   1      }


MODULE INFORMATION:   STATIC OVERLAYABLE
   CODE SIZE        =    114    ----
   CONSTANT SIZE    =     14    ----
   XDATA SIZE       =   ----    ----
   PDATA SIZE       =   ----    ----
   DATA SIZE        =   ----      11
   IDATA SIZE       =   ----    ----
   BIT SIZE         =   ----    ----
END OF MODULE INFORMATION.


C51 COMPILATION COMPLETE.  0 WARNING(S),  0 ERROR(S)
